<<l0>>
 ~ ~ ~ ~ ~ ~ ~ ~ ~ ~ ~ ~ ~ ~ ~ ~ ~ ~ ~ ~ ~ ~ / ,   .   ,   .   ,   .   ,   .   ,   .   ,   .   
~ ~ ~ ~ ~ ~ ~ ~ ~ ~ ~ ~ ~ ~ ~ ~ ~ ~ ~ ~ ~ ~ |.   ,   .   ,   .   ,   .   ,   .   ,   .   ,   . 
 ~ ~ ~ ~ ~ ~ ~ ~ ~ ~ ~ ~ ~ ~_______________/  ,   .   ,   .   ,   .   ,   .   ,   .   ,   .   ,
~ ~ ~ ~ ~ ~ _______________/   ,   .   ,   .   ,   .   ,   .   ,   .   ,   .   ,   .   ,   .   
___________/ .   ,   .   ,   .   ,   .   ,   .   ,   .   ,   .   ,   .   ,   ._____  .   ,   . 
  .   ,   .   ,   .   ,   .   ,   .   ,   .   ,   .   ,   .   ,   .   ,   .  /  / /\  ,   .   ,
   .   ,   .   ,   .   ,   .   ,   .   ,   .   ,   .   ,   .   ,   .   ,   . | / /  |  ,   .   
 ,   .   ,   .   ,   .   ,   .   ,   .   ,   .   ,   .   ,   .   ,   .   ,   \_____/ .   ,   . 
  .   ,   .   ,   .   ,   .   ,   .   ,   .   ,   .   ,   .   ,   .   ,   .   ,   .   ,   .   ,
   .   ,   .   ,   .   ,   .   ,   .   ,   .   ,   .   ,   .   ,   .   ,   .   ,   .   ,   .   
 ,   .   ,   .   ,   .   ,   .   ,   .   ,   .   ,   .   ,   .   ,   .   ,   .   ,   .   ,   . 
  .   ,   .   ,   .   ,   .   ,   .   ,   .   ,   .   ,   .   ,   .   ,   .   ,   .   ,   .   ,
   .   ,   .   ,   .   ,   .   ,   .   ,   .   ,   .   ,   .   ,   .   ,   .   ,   .   ,   .   
 ,   .   ,   .   ,   .   ,   .   ,   .   ,   .   ,   .   ,   .   ,   .   ,   .   ,   .   ,   . 
  .   ,   .   ,   .   ,   .   ,   .   ,   .   ,   .   ,   .   ,   .   ,   .   ,   .   ,   .   ,

<<light0>>
╩┷┸╯╩═─┸╯╩═┷┸╯╩═┷┸╯╩═┷┸╯╩═┷┸╯╩═┷┸╯╩═┷┸╯╩═┷┸╯╩┶─────────────────────────────────────────────────
┷┸╯╩═─┸╯╩═┷┸╯╩═┷┸╯╩═┷┸╯╩═┷┸╯╩═┷┸╯╩═┷┸╯╩═┷┸╯╩┶──────────────────────────────────────────────────
┸╯╩═─┸╯╩═┷┸╯╩═┷┸╯╩═┷┸╯╩═┷┸╯╩┶┶┶┶┶┶┶┶┶┶┶┶┶┶┶┶◧◧◧◧◧───────◧◧◧◧──────◧◧◧◧◧◧◧◧◧────────────────────
╯╩═─┸╯╩═┷┸╯┶┶┶┶┶┶┶┶┶┶┶┶┶┶┶┶┶───────────────────◧◧◧◧◧◧◧◧◧◧◧──◧◧◧◧◧◧◧◧◧◧◧────────────────────────
┶┶┶┶┶┶┶┶┶┶┶┶◧◧◧◧◧◧◧◧◧◧◧───────────────◫◫◫◫──────────◧◧────◧◧◧◧◧◧◧◧◧───────────◧◧◧◧◧────────────
─────◧◧◧◧◧◧◧◧───────◧◧◧◧◧──────◫◫◫◫           ◫◫◫◫───────────────────────────◧──◸◹◹◧───────────
────────◧◧◧◧◧◧◧──────◧◧◧◧◧◧◧◧◫◫◫                     ◫◫◫◫────────────────────◧◳◳◵◵◵─◧──────────
────◧◧◧◧──────◧◧◧───────◫◫◫◫                   ◫◫◫◫──────◧◧◧◧◧◧──────────────◧◧◧◧◧◧◧───────────
──◧◧◧◧◧◧─────────────────◫◫◫◫            ◫◫◫◫────◧◧◧◧◧◧◧◧◧◧───◧◧◧◧◧────────────────────────────
──────◧◧─────────────────────────◫◫◫◫◫──────────────◧◧◧◧◧◧◧◧◧◧◧◧◧◧─◧◧◧◧◧◧◧◧◧◧──────────────────
◧◧──◧◧◧◧◧◧◧───────────────────◧◧◧◧◧◧◧◧◧◧◧◧───────────────◧◧◧◧◧◧◧─────────◧◧◧─◧◧────────────────
───────◧◧◧◧◧◧────────◧◧◧◧◧◧◧◧◧◧◧◧◧◧◧◧◧───────────────────────◧◧◧◧◧─────────────────────────────
───────────────────────────────◧◧◧◧◧◧◧◧◧────────────────────────◧◧◧◧◧──────────────────────────
───────────────────────────────────────────────────────────────────────────────────────────────
───────────────────────────────────────────────────────────────────────────────────────────────
<<l1>>
~ ~ ~ ~ ~ ~ ~ ~ ~ ~ ~ ~ ~ ~ ~ ~ ~ ~ ~ ~ ~ ~ ~/ ,   .   ,   .   ,   .   ,   .   ,   .   ,   .   
 ~ ~ ~ ~ ~ ~ ~ ~ ~ ~ ~ ~ ~ ~ ~ ~ ~ ~ ~ ~ ~ ~|.   ,   .   ,   .   ,   .   ,   .   ,   .   ,   . 
~ ~ ~ ~ ~ ~ ~ ~ ~ ~ ~ ~ ~ ~ _______________/  ,   .   ,   .   ,   .   ,   .   ,   .   ,   .   ,
 ~ ~ ~ ~ ~ ~_______________/   ,   .   ,   .   ,   .   ,   .   ,   .   ,   .   ,   .   ,   .   
___________/ .   ,   .   ,   .   ,   .   ,   .   ,   .   ,   .   ,   .   ,   ._____  .   ,   . 
  .   ,   .   ,   .   ,   .   ,   .   ,   .   ,   .   ,   .   ,   .   ,   .  /  / /\  ,   .   ,
   .   ,   .   ,   .   ,   .   ,   .   ,   .   ,   .   ,   .   ,   .   ,   . | / /  |  ,   .   
 ,   .   ,   .   ,   .   ,   .   ,   .   ,   .   ,   .   ,   .   ,   .   ,   \_____/ .   ,   . 
  .   ,   .   ,   .   ,   .   ,   .   ,   .   ,   .   ,   .   ,   .   ,   .   ,   .   ,   .   ,
   .   ,   .   ,   .   ,   .   ,   .   ,   .   ,   .   ,   .   ,   .   ,   .   ,   .   ,   .   
 ,   .   ,   .   ,   .   ,   .   ,   .   ,   .   ,   .   ,   .   ,   .   ,   .   ,   .   ,   . 
  .   ,   .   ,   .   ,   .   ,   .   ,   .   ,   .   ,   .   ,   .   ,   .   ,   .   ,   .   ,
   .   ,   .   ,   .   ,   .   ,   .   ,   .   ,   .   ,   .   ,   .   ,   .   ,   .   ,   .   
 ,   .   ,   .   ,   .   ,   .   ,   .   ,   .   ,   .   ,   .   ,   .   ,   .   ,   .   ,   . 
  .   ,   .   ,   .   ,   .   ,   .   ,   .   ,   .   ,   .   ,   .   ,   .   ,   .   ,   .   ,
<<light1>>
╩┷┸╯╩═─┸╯╩═┷┸╯╩═┷┸╯╩═┷┸╯╩═┷┸╯╩═┷┸╯╩═┷┸╯╩═┷┸╯╩┶─────────────────────────────────────────────────
┷┸╯╩═─┸╯╩═┷┸╯╩═┷┸╯╩═┷┸╯╩═┷┸╯╩═┷┸╯╩═┷┸╯╩═┷┸╯╩┶──────────────────────────────────────────────────
┸╯╩═─┸╯╩═┷┸╯╩═┷┸╯╩═┷┸╯╩═┷┸╯╩┶┶┶┶┶┶┶┶┶┶┶┶┶┶┶┶◧◧◧◧◧───────◧◧◧◧──────◧◧◧◧◧◧◧◧◧────────────────────
╯╩═─┸╯╩═┷┸╯┶┶┶┶┶┶┶┶┶┶┶┶┶┶┶┶┶───────────────────◧◧◧◧◧◧◧◧◧◧◧──◧◧◧◧◧◧◧◧◧◧◧────────────────────────
┶┶┶┶┶┶┶┶┶┶┶┶◧◧◧◧◧◧◧◧◧◧◧───────────────◫◫◫◫──────────◧◧────◧◧◧◧◧◧◧◧◧───────────◧◧◧◧◧────────────
─────◧◧◧◧◧◧◧◧───────◧◧◧◧◧──────◫◫◫◫           ◫◫◫◫───────────────────────────◧──◸◹◹◧───────────
────────◧◧◧◧◧◧◧──────◧◧◧◧◧◧◧◧◫◫◫                     ◫◫◫◫────────────────────◧◳◳◵◵◵─◧──────────
────◧◧◧◧──────◧◧◧───────◫◫◫◫                   ◫◫◫◫──────◧◧◧◧◧◧──────────────◧◧◧◧◧◧◧───────────
──◧◧◧◧◧◧─────────────────◫◫◫◫            ◫◫◫◫────◧◧◧◧◧◧◧◧◧◧───◧◧◧◧◧────────────────────────────
──────◧◧─────────────────────────◫◫◫◫◫──────────────◧◧◧◧◧◧◧◧◧◧◧◧◧◧─◧◧◧◧◧◧◧◧◧◧──────────────────
◧◧──◧◧◧◧◧◧◧───────────────────◧◧◧◧◧◧◧◧◧◧◧◧───────────────◧◧◧◧◧◧◧─────────◧◧◧─◧◧────────────────
───────◧◧◧◧◧◧────────◧◧◧◧◧◧◧◧◧◧◧◧◧◧◧◧◧───────────────────────◧◧◧◧◧─────────────────────────────
───────────────────────────────◧◧◧◧◧◧◧◧◧────────────────────────◧◧◧◧◧──────────────────────────
───────────────────────────────────────────────────────────────────────────────────────────────
───────────────────────────────────────────────────────────────────────────────────────────────
<<l2>>
                                                    \\@//                                          
                                                     |@|                                                              
                                                     |@|     
                                                    //@\\


<<light2>>
                                                    █████                                          
                                                     ███                                                              
                                                     ███     
                                                    █████
<<l3>>


       _-_
    /--&&&--\
 /--&)(&&(\/&--\
{((&)_\/&&/&\&/&}
 \&)_-&\&/&-_\&/      
   ~  \\@//  ~
       |@|     
       |@|     
      //@\\
<<light3>>


       ╌╆╆                                              
    ╆╆╆╆╌╆╆╆╆                                       
 ╆╌╆╆╌╌╌╆╌██╆╌╆╆
╆╆╆╌╌╌██╌╌█╆█╌█╆╆
 ╆╆╆╌╆╆█╆█╌╆╆█╆╆      
   ╆  █████  ╆
       ███     
       ███     
      █████
